Hello from AI assistant!